{
	"format": "Cherax Entity",
	"type": 2,
	"model": 1885233650,
	"baseFlags": 66863,
	"components": {
		"Head": {
			"drawable": 0,
			"texture": 0,
			"palette": 0
		},
		"Beard": {
			"drawable": 113,
			"texture": 11,
			"palette": 0
		},
		"Hair": {
			"drawable": 48,
			"texture": 0,
			"palette": 0
		},
		"Torso": {
			"drawable": 179,
			"texture": 0,
			"palette": 0
		},
		"Legs": {
			"drawable": 51,
			"texture": 0,
			"palette": 0
		},
		"Hands": {
			"drawable": 82,
			"texture": 2,
			"palette": 0
		},
		"Feet": {
			"drawable": 105,
			"texture": 1,
			"palette": 0
		},
		"Teeth": {
			"drawable": 0,
			"texture": 0,
			"palette": 0
		},
		"Special": {
			"drawable": 150,
			"texture": 2,
			"palette": 0
		},
		"Special 2": {
			"drawable": 0,
			"texture": 0,
			"palette": 0
		},
		"Decal": {
			"drawable": 0,
			"texture": 0,
			"palette": 0
		},
		"Tuxedo/Jacket Bib": {
			"drawable": 104,
			"texture": 0,
			"palette": 0
		}
	},
	"props": {
		"Head": {
			"drawable": -1,
			"texture": -1
		},
		"Eyes": {
			"drawable": 2,
			"texture": 0
		},
		"Ears": {
			"drawable": -1,
			"texture": -1
		},
		"Mouth": {
			"drawable": -1,
			"texture": -1
		},
		"Left Hand": {
			"drawable": -1,
			"texture": -1
		},
		"Right Hand": {
			"drawable": -1,
			"texture": -1
		},
		"Left Wrist": {
			"drawable": -1,
			"texture": -1
		},
		"Right Wrist": {
			"drawable": -1,
			"texture": -1
		},
		"Hip": {
			"drawable": -1,
			"texture": -1
		}
	},
	"face_features": {
		"Nose Width": 0.0,
		"Nose Peak": 0.0,
		"Nose Length": 0.0,
		"Nose Bone Curveness": 0.0,
		"Nose Tip": 0.0,
		"Nose Bone Twist": 0.0,
		"Eyebrow Height": 0.0,
		"Eyebrow Indent": 0.0,
		"Cheek Bones": 0.0,
		"Cheek Sideways Bone Size": 0.0,
		"Cheek Bones Width": 0.0,
		"Eye Opening": 0.0,
		"Lip Thickness": 0.0,
		"Jaw Bone Width": 0.0,
		"Jaw Bone Shape": 0.0,
		"Chin Bone": 0.0,
		"Chin Bone Length": 0.0,
		"Chin Bone Shape": 0.0,
		"Chin Hole": 0.0,
		"Neck Thickness": 0.0
	},
	"primary_hair_tint": 255,
	"secondary_hair_tint": 255,
	"attachments": [
		{
			"data": {
				"offset": {
					"x": 0.05313020572066307,
					"y": 0.01544371247291565,
					"z": -0.03435321897268295
				},
				"parentOffset": {
					"x": 0.0,
					"y": 0.0,
					"z": 0.0
				},
				"quat": {
					"x": -0.24934041500091553,
					"y": 0.6645445227622986,
					"z": 0.5122007727622986,
					"w": 0.48359113931655884
				},
				"otherBone": 90,
				"myBone": -1,
				"flags": 4098
			},
			"entity": {
				"format": "Cherax Entity",
				"type": 3,
				"model": 1297482736,
				"baseFlags": 8455431
			}
		}
	]
}